ΓòöΓòÉΓòÉΓòÉΓòÉΓòÉΓòÉΓòÉΓòÉΓòÉΓòÉΓòÉΓòÉΓòÉΓòÉΓòÉΓòÉΓòÉΓòÉΓòÉΓòÉΓòÉΓòÉΓòÉΓòÉΓòÉΓòÉΓòÉΓòÉΓòÉΓòÉΓòÉΓòÉΓòÉΓòÉΓòÉΓòÉΓòÉΓòÉΓòÉΓòÉΓòÉΓòÉΓòÉΓòÉΓòÉΓòÉΓòÉΓòÉΓòÉΓòÉΓòÉΓòÉΓòù
Γòæ  Testing Full Real Data Pipeline                   Γòæ
Γòæ  Frontend ΓåÆ Backend ΓåÆ Processing API ΓåÆ ML Models   Γòæ
ΓòÜΓòÉΓòÉΓòÉΓòÉΓòÉΓòÉΓòÉΓòÉΓòÉΓòÉΓòÉΓòÉΓòÉΓòÉΓòÉΓòÉΓòÉΓòÉΓòÉΓòÉΓòÉΓòÉΓòÉΓòÉΓòÉΓòÉΓòÉΓòÉΓòÉΓòÉΓòÉΓòÉΓòÉΓòÉΓòÉΓòÉΓòÉΓòÉΓòÉΓòÉΓòÉΓòÉΓòÉΓòÉΓòÉΓòÉΓòÉΓòÉΓòÉΓòÉΓòÉΓòÉΓò¥

≡ƒôì Test Region: ≡ƒî┤ Amazon Rainforest, Brazil
   Coordinates: (-3, -60)
   Size: 10km ├ù 10km

≡ƒÜÇ Starting Analysis...

Γ£à Backend Response Received!

≡ƒôè Analysis Results (1.50s):
ΓòÉΓòÉΓòÉΓòÉΓòÉΓòÉΓòÉΓòÉΓòÉΓòÉΓòÉΓòÉΓòÉΓòÉΓòÉΓòÉΓòÉΓòÉΓòÉΓòÉΓòÉΓòÉΓòÉΓòÉΓòÉΓòÉΓòÉΓòÉΓòÉΓòÉΓòÉΓòÉΓòÉΓòÉΓòÉΓòÉΓòÉΓòÉΓòÉΓòÉΓòÉΓòÉΓòÉΓòÉΓòÉΓòÉΓòÉΓòÉΓòÉΓòÉΓòÉΓòÉΓòÉΓòÉΓòÉ

Full Response:
{
  "success": true,
  "analysis": {
    "id": "6987ce02fbf27ca33e0d410e",
    "regionName": "≡ƒî┤ Amazon Rainforest, Brazil",
    "timestamp": "2026-02-07T23:42:58.636Z",
    "executionTime": "1461ms",
    "ndvi": {
      "mean": 0.3299716629666127,
      "min": 0.054869870481945617,
      "max": 0.5690437517698118,
      "stdDev": 0.1031906290998156,
      "validPixels": 65536,
      "totalPixels": 65536
    },
    "changeDetection": {},
    "riskClassification": {
      "riskLevel": "MEDIUM",
      "riskScore": 0.5
    },
    "vegetationLossPercentage": 50,
    "areaAffected": 50,
    "confidenceScore": 0.6973890662193298,
    "satelliteData": {
      "dataSource": "Sentinel-2 Hub (REAL)",
      "fallbackUsed": false,
      "mlApiStatus": "real-data"
    }
  },
  "regionSaved": true,
  "message": "Region \"≡ƒî┤ Amazon Rainforest, Brazil\" analyzed and saved to predefined regions list"
}

ΓòÉΓòÉΓòÉΓòÉΓòÉΓòÉΓòÉΓòÉΓòÉΓòÉΓòÉΓòÉΓòÉΓòÉΓòÉΓòÉΓòÉΓòÉΓòÉΓòÉΓòÉΓòÉΓòÉΓòÉΓòÉΓòÉΓòÉΓòÉΓòÉΓòÉΓòÉΓòÉΓòÉΓòÉΓòÉΓòÉΓòÉΓòÉΓòÉΓòÉΓòÉΓòÉΓòÉΓòÉΓòÉΓòÉΓòÉΓòÉΓòÉΓòÉΓòÉΓòÉΓòÉΓòÉΓòÉ


ΓòÉΓòÉΓòÉΓòÉΓòÉΓòÉΓòÉΓòÉΓòÉΓòÉΓòÉΓòÉΓòÉΓòÉΓòÉΓòÉΓòÉΓòÉΓòÉΓòÉΓòÉΓòÉΓòÉΓòÉΓòÉΓòÉΓòÉΓòÉΓòÉΓòÉΓòÉΓòÉΓòÉΓòÉΓòÉΓòÉΓòÉΓòÉΓòÉΓòÉΓòÉΓòÉΓòÉΓòÉΓòÉΓòÉΓòÉΓòÉΓòÉΓòÉΓòÉΓòÉΓòÉΓòÉΓòÉ
Γ£à Full data pipeline test completed!

≡ƒöì Data Quality Check:
ΓÜá∩╕Å  Values appear synthetic or region-aware fallback
ΓÜá∩╕Å  May be using dummy data (Processing API failed)
